Archive member included to satisfy reference by file (symbol)

/usr/bin/../lib/gcc/arm-none-eabi/7.3.1/../../../../arm-none-eabi/lib/thumb/v7e-m/libc.a(lib_a-exit.o)
                              /usr/bin/../lib/gcc/arm-none-eabi/7.3.1/../../../../arm-none-eabi/lib/thumb/v7e-m/crt0.o (exit)
/usr/bin/../lib/gcc/arm-none-eabi/7.3.1/../../../../arm-none-eabi/lib/thumb/v7e-m/libc.a(lib_a-impure.o)
                              /usr/bin/../lib/gcc/arm-none-eabi/7.3.1/../../../../arm-none-eabi/lib/thumb/v7e-m/libc.a(lib_a-exit.o) (_global_impure_ptr)
/usr/bin/../lib/gcc/arm-none-eabi/7.3.1/../../../../arm-none-eabi/lib/thumb/v7e-m/libc.a(lib_a-init.o)
                              /usr/bin/../lib/gcc/arm-none-eabi/7.3.1/../../../../arm-none-eabi/lib/thumb/v7e-m/crt0.o (__libc_init_array)
/usr/bin/../lib/gcc/arm-none-eabi/7.3.1/../../../../arm-none-eabi/lib/thumb/v7e-m/libc.a(lib_a-memset.o)
                              /usr/bin/../lib/gcc/arm-none-eabi/7.3.1/../../../../arm-none-eabi/lib/thumb/v7e-m/crt0.o (memset)
/usr/bin/../lib/gcc/arm-none-eabi/7.3.1/../../../../arm-none-eabi/lib/thumb/v7e-m/libc.a(lib_a-printf.o)
                              build/Default/production/hal/utils/src/utils_syscalls.o (printf)
/usr/bin/../lib/gcc/arm-none-eabi/7.3.1/../../../../arm-none-eabi/lib/thumb/v7e-m/libc.a(lib_a-vfprintf.o)
                              /usr/bin/../lib/gcc/arm-none-eabi/7.3.1/../../../../arm-none-eabi/lib/thumb/v7e-m/libc.a(lib_a-printf.o) (_vfprintf_r)
/usr/bin/../lib/gcc/arm-none-eabi/7.3.1/../../../../arm-none-eabi/lib/thumb/v7e-m/libc.a(lib_a-wsetup.o)
                              /usr/bin/../lib/gcc/arm-none-eabi/7.3.1/../../../../arm-none-eabi/lib/thumb/v7e-m/libc.a(lib_a-vfprintf.o) (__swsetup_r)
/usr/bin/../lib/gcc/arm-none-eabi/7.3.1/../../../../arm-none-eabi/lib/thumb/v7e-m/libc.a(lib_a-__call_atexit.o)
                              /usr/bin/../lib/gcc/arm-none-eabi/7.3.1/../../../../arm-none-eabi/lib/thumb/v7e-m/libc.a(lib_a-exit.o) (__call_exitprocs)
/usr/bin/../lib/gcc/arm-none-eabi/7.3.1/../../../../arm-none-eabi/lib/thumb/v7e-m/libc.a(lib_a-atexit.o)
                              /usr/bin/../lib/gcc/arm-none-eabi/7.3.1/../../../../arm-none-eabi/lib/thumb/v7e-m/libc.a(lib_a-__call_atexit.o) (atexit)
/usr/bin/../lib/gcc/arm-none-eabi/7.3.1/../../../../arm-none-eabi/lib/thumb/v7e-m/libc.a(lib_a-dtoa.o)
                              /usr/bin/../lib/gcc/arm-none-eabi/7.3.1/../../../../arm-none-eabi/lib/thumb/v7e-m/libc.a(lib_a-vfprintf.o) (_dtoa_r)
/usr/bin/../lib/gcc/arm-none-eabi/7.3.1/../../../../arm-none-eabi/lib/thumb/v7e-m/libc.a(lib_a-fflush.o)
                              /usr/bin/../lib/gcc/arm-none-eabi/7.3.1/../../../../arm-none-eabi/lib/thumb/v7e-m/libc.a(lib_a-vfprintf.o) (_fflush_r)
/usr/bin/../lib/gcc/arm-none-eabi/7.3.1/../../../../arm-none-eabi/lib/thumb/v7e-m/libc.a(lib_a-findfp.o)
                              /usr/bin/../lib/gcc/arm-none-eabi/7.3.1/../../../../arm-none-eabi/lib/thumb/v7e-m/libc.a(lib_a-vfprintf.o) (__sinit)
/usr/bin/../lib/gcc/arm-none-eabi/7.3.1/../../../../arm-none-eabi/lib/thumb/v7e-m/libc.a(lib_a-fini.o)
                              /usr/bin/../lib/gcc/arm-none-eabi/7.3.1/../../../../arm-none-eabi/lib/thumb/v7e-m/libc.a(lib_a-__call_atexit.o) (__libc_fini_array)
/usr/bin/../lib/gcc/arm-none-eabi/7.3.1/../../../../arm-none-eabi/lib/thumb/v7e-m/libc.a(lib_a-freer.o)
                              /usr/bin/../lib/gcc/arm-none-eabi/7.3.1/../../../../arm-none-eabi/lib/thumb/v7e-m/libc.a(lib_a-vfprintf.o) (_free_r)
/usr/bin/../lib/gcc/arm-none-eabi/7.3.1/../../../../arm-none-eabi/lib/thumb/v7e-m/libc.a(lib_a-fwalk.o)
                              /usr/bin/../lib/gcc/arm-none-eabi/7.3.1/../../../../arm-none-eabi/lib/thumb/v7e-m/libc.a(lib_a-findfp.o) (_fwalk)
/usr/bin/../lib/gcc/arm-none-eabi/7.3.1/../../../../arm-none-eabi/lib/thumb/v7e-m/libc.a(lib_a-localeconv.o)
                              /usr/bin/../lib/gcc/arm-none-eabi/7.3.1/../../../../arm-none-eabi/lib/thumb/v7e-m/libc.a(lib_a-vfprintf.o) (_localeconv_r)
/usr/bin/../lib/gcc/arm-none-eabi/7.3.1/../../../../arm-none-eabi/lib/thumb/v7e-m/libc.a(lib_a-lock.o)
                              /usr/bin/../lib/gcc/arm-none-eabi/7.3.1/../../../../arm-none-eabi/lib/thumb/v7e-m/libc.a(lib_a-vfprintf.o) (__retarget_lock_init_recursive)
/usr/bin/../lib/gcc/arm-none-eabi/7.3.1/../../../../arm-none-eabi/lib/thumb/v7e-m/libc.a(lib_a-makebuf.o)
                              /usr/bin/../lib/gcc/arm-none-eabi/7.3.1/../../../../arm-none-eabi/lib/thumb/v7e-m/libc.a(lib_a-wsetup.o) (__smakebuf_r)
/usr/bin/../lib/gcc/arm-none-eabi/7.3.1/../../../../arm-none-eabi/lib/thumb/v7e-m/libc.a(lib_a-mallocr.o)
                              /usr/bin/../lib/gcc/arm-none-eabi/7.3.1/../../../../arm-none-eabi/lib/thumb/v7e-m/libc.a(lib_a-vfprintf.o) (_malloc_r)
/usr/bin/../lib/gcc/arm-none-eabi/7.3.1/../../../../arm-none-eabi/lib/thumb/v7e-m/libc.a(lib_a-memchr.o)
[...]
Memory Configuration

Name             Origin             Length             Attributes
rom              0x0000000000400000 0x0000000000200000 xr
ram              0x0000000020400000 0x0000000000060000 xrw
*default*        0x0000000000000000 0xffffffffffffffff

Linker script and memory map

LOAD /usr/bin/../lib/gcc/arm-none-eabi/7.3.1/thumb/v7e-m/crti.o
LOAD /usr/bin/../lib/gcc/arm-none-eabi/7.3.1/thumb/v7e-m/crtbegin.o
LOAD /usr/bin/../lib/gcc/arm-none-eabi/7.3.1/../../../../arm-none-eabi/lib/thumb/v7e-m/crt0.o
LOAD build/Default/production/examples/driver_examples.o
LOAD build/Default/production/hal/src/hal_atomic.o
LOAD build/Default/production/hal/src/hal_delay.o
LOAD build/Default/production/hal/src/hal_gpio.o
LOAD build/Default/production/hal/src/hal_init.o
LOAD build/Default/production/hal/src/hal_io.o
LOAD build/Default/production/hal/src/hal_sleep.o
LOAD build/Default/production/hal/utils/src/utils_assert.o
LOAD build/Default/production/hal/utils/src/utils_event.o
LOAD build/Default/production/hal/utils/src/utils_list.o
LOAD build/Default/production/hal/utils/src/utils_syscalls.o
LOAD build/Default/production/hpl/core/hpl_core_m7_base.o
LOAD build/Default/production/hpl/core/hpl_init.o
LOAD build/Default/production/hpl/pmc/hpl_pmc.o
LOAD build/Default/production/hpl/pmc/hpl_sleep.o
LOAD build/Default/production/hpl/xdmac/hpl_xdmac.o
LOAD build/Default/production/same70b/gcc/gcc/startup_same70q21b.o
LOAD build/Default/production/same70b/gcc/system_same70q21b.o
LOAD build/Default/production/led_flasher_main.o
LOAD build/Default/production/driver_init.o
LOAD build/Default/production/atmel_start.o
                0x0000000000000001                __MPLAB_BUILD = 0x1
START GROUP
LOAD /usr/bin/../lib/gcc/arm-none-eabi/7.3.1/thumb/v7e-m/libgcc.a
LOAD /usr/bin/../lib/gcc/arm-none-eabi/7.3.1/../../../../arm-none-eabi/lib/thumb/v7e-m/libc.a
END GROUP
START GROUP
LOAD /usr/bin/../lib/gcc/arm-none-eabi/7.3.1/thumb/v7e-m/libgcc.a
LOAD /usr/bin/../lib/gcc/arm-none-eabi/7.3.1/../../../../arm-none-eabi/lib/thumb/v7e-m/libc.a
LOAD /usr/bin/../lib/gcc/arm-none-eabi/7.3.1/../../../../arm-none-eabi/lib/thumb/v7e-m/libnosys.a
END GROUP
LOAD /usr/bin/../lib/gcc/arm-none-eabi/7.3.1/thumb/v7e-m/crtend.o
LOAD /usr/bin/../lib/gcc/arm-none-eabi/7.3.1/thumb/v7e-m/crtn.o
                0x0000000000000400                STACK_SIZE = DEFINED (STACK_SIZE)?STACK_SIZE:DEFINED (__stack_size__)?__stack_size__:0x400
                0x0000000000000200                HEAP_SIZE = DEFINED (HEAP_SIZE)?HEAP_SIZE:DEFINED (__heap_size__)?__heap_size__:0x200

.text           0x0000000000400000      0x744
                0x0000000000400000                . = ALIGN (0x4)
                0x0000000000400000                _sfixed = .
 *(.vectors .vectors.*)
 .vectors       0x0000000000400000      0x168 build/Default/production/same70b/gcc/gcc/startup_same70q21b.o
                0x0000000000400000                exception_table
 *(.text .text.* .gnu.linkonce.t.*)
 .text          0x0000000000400168       0x40 /usr/bin/../lib/gcc/arm-none-eabi/7.3.1/thumb/v7e-m/crtbegin.o
 .text.atomic_enter_critical
                0x00000000004001a8        0xe build/Default/production/hal/src/hal_atomic.o
                0x00000000004001a8                atomic_enter_critical
 .text.atomic_leave_critical
                0x00000000004001b6        0xc build/Default/production/hal/src/hal_atomic.o
                0x00000000004001b6                atomic_leave_critical
 *fill*         0x00000000004001c2        0x2 
 .text.delay_ms
                0x00000000004001c4       0x24 build/Default/production/hal/src/hal_delay.o
                0x00000000004001c4                delay_ms
 .text._get_cycles_for_ms
                0x00000000004001e8        0xc build/Default/production/hpl/core/hpl_core_m7_base.o
                0x00000000004001e8                _get_cycles_for_ms
 .text._delay_cycles
                0x00000000004001f4        0x6 build/Default/production/hpl/core/hpl_core_m7_base.o
                0x00000000004001f4                _delay_cycles
 *fill*         0x00000000004001fa        0x2 
 .text._init_chip
                0x00000000004001fc       0x50 build/Default/production/hpl/core/hpl_init.o
                0x00000000004001fc                _init_chip
 .text._pmc_init
                0x000000000040024c       0x78 build/Default/production/hpl/pmc/hpl_pmc.o
                0x000000000040024c                _pmc_init
 .text.Dummy_Handler
                0x00000000004002c4        0x2 build/Default/production/same70b/gcc/gcc/startup_same70q21b.o
                0x00000000004002c4                DACC_Handler
                0x00000000004002c4                SVCall_Handler
                0x00000000004002c4                UART3_Handler
                0x00000000004002c4                UART2_Handler
                0x00000000004002c4                TRNG_Handler
                0x00000000004002c4                HardFault_Handler
                0x00000000004002c4                TC2_Handler
                0x00000000004002c4                SysTick_Handler
                0x00000000004002c4                AFEC1_Handler
                0x00000000004002c4                PendSV_Handler
                0x00000000004002c4                TC7_Handler
                0x00000000004002c4                QSPI_Handler
                0x00000000004002c4                NonMaskableInt_Handler
                0x00000000004002c4                ISI_Handler
                0x00000000004002c4                MCAN0_INT0_Handler
                0x00000000004002c4                TC9_Handler
                0x00000000004002c4                RSWDT_Handler
                0x00000000004002c4                USART0_Handler
                0x00000000004002c4                RTT_Handler
                0x00000000004002c4                USBHS_Handler
                0x00000000004002c4                IXC_Handler
                0x00000000004002c4                CCF_Handler
                0x00000000004002c4                PIOB_Handler
                0x00000000004002c4                RTC_Handler
                0x00000000004002c4                UsageFault_Handler
                0x00000000004002c4                TC6_Handler
                0x00000000004002c4                WDT_Handler
                0x00000000004002c4                MCAN1_INT1_Handler
                0x00000000004002c4                TC4_Handler
                0x00000000004002c4                TC1_Handler
                0x00000000004002c4                HSMCI_Handler
                0x00000000004002c4                UART1_Handler
                0x00000000004002c4                TC3_Handler
                0x00000000004002c4                Dummy_Handler
                0x00000000004002c4                TWIHS1_Handler
                0x00000000004002c4                XDMAC_Handler
                0x00000000004002c4                UART4_Handler
                0x00000000004002c4                PWM1_Handler
                0x00000000004002c4                USART1_Handler
                0x00000000004002c4                PWM0_Handler
                0x00000000004002c4                PIOA_Handler
                0x00000000004002c4                AFEC0_Handler
                0x00000000004002c4                CCW_Handler
                0x00000000004002c4                SSC_Handler
                0x00000000004002c4                TC11_Handler
                0x00000000004002c4                ACC_Handler
                0x00000000004002c4                PMC_Handler
                0x00000000004002c4                GMAC_Handler
                0x00000000004002c4                MCAN0_INT1_Handler
                0x00000000004002c4                GMAC_Q5_Handler
                0x00000000004002c4                SUPC_Handler
                0x00000000004002c4                TC8_Handler
                0x00000000004002c4                MCAN1_INT0_Handler
                0x00000000004002c4                EFC_Handler
                0x00000000004002c4                GMAC_Q1_Handler
                0x00000000004002c4                USART2_Handler
                0x00000000004002c4                SDRAMC_Handler
                0x00000000004002c4                GMAC_Q2_Handler
                0x00000000004002c4                PIOE_Handler
                0x00000000004002c4                SPI1_Handler
                0x00000000004002c4                TC10_Handler
                0x00000000004002c4                GMAC_Q3_Handler
                0x00000000004002c4                PIOD_Handler
                0x00000000004002c4                TWIHS2_Handler
                0x00000000004002c4                I2SC0_Handler
                0x00000000004002c4                UART0_Handler
                0x00000000004002c4                I2SC1_Handler
                0x00000000004002c4                PIOC_Handler
                0x00000000004002c4                GMAC_Q4_Handler
                0x00000000004002c4                FPU_Handler
                0x00000000004002c4                BusFault_Handler
                0x00000000004002c4                RSTC_Handler
                0x00000000004002c4                TC0_Handler
                0x00000000004002c4                MemoryManagement_Handler
                0x00000000004002c4                DebugMonitor_Handler
                0x00000000004002c4                TC5_Handler
                0x00000000004002c4                ICM_Handler
                0x00000000004002c4                AES_Handler
                0x00000000004002c4                TWIHS0_Handler
                0x00000000004002c4                SPI0_Handler
 *fill*         0x00000000004002c6        0x2 
 .text.Reset_Handler
                0x00000000004002c8       0x64 build/Default/production/same70b/gcc/gcc/startup_same70q21b.o
                0x00000000004002c8                Reset_Handler
 .text.xaxis    0x000000000040032c       0x50 build/Default/production/led_flasher_main.o
                0x000000000040032c                xaxis
 .text.yaxis    0x000000000040037c       0x4c build/Default/production/led_flasher_main.o
                0x000000000040037c                yaxis
 .text.zaxis    0x00000000004003c8       0x4c build/Default/production/led_flasher_main.o
                0x00000000004003c8                zaxis
 .text.step_control
                0x0000000000400414       0x3c build/Default/production/led_flasher_main.o
                0x0000000000400414                step_control
 .text.startup.main
                0x0000000000400450       0x84 build/Default/production/led_flasher_main.o
                0x0000000000400450                main
 .text.system_init
                0x00000000004004d4       0x94 build/Default/production/driver_init.o
                0x00000000004004d4                system_init
 .text.atmel_start_init
                0x0000000000400568        0x8 build/Default/production/atmel_start.o
                0x0000000000400568                atmel_start_init
 .text.__libc_init_array
                0x0000000000400570       0x48 /usr/bin/../lib/gcc/arm-none-eabi/7.3.1/../../../../arm-none-eabi/lib/thumb/v7e-m/libc.a(lib_a-init.o)
                0x0000000000400570                __libc_init_array
 .text.startup.register_fini
                0x00000000004005b8       0x14 /usr/bin/../lib/gcc/arm-none-eabi/7.3.1/../../../../arm-none-eabi/lib/thumb/v7e-m/libc.a(lib_a-__call_atexit.o)
 .text.atexit   0x00000000004005cc        0xc /usr/bin/../lib/gcc/arm-none-eabi/7.3.1/../../../../arm-none-eabi/lib/thumb/v7e-m/libc.a(lib_a-atexit.o)
                0x00000000004005cc                atexit
 .text.__libc_fini_array
                0x00000000004005d8       0x34 /usr/bin/../lib/gcc/arm-none-eabi/7.3.1/../../../../arm-none-eabi/lib/thumb/v7e-m/libc.a(lib_a-fini.o)
                0x00000000004005d8                __libc_fini_array
 .text.__retarget_lock_acquire_recursive
                0x000000000040060c        0x4 /usr/bin/../lib/gcc/arm-none-eabi/7.3.1/../../../../arm-none-eabi/lib/thumb/v7e-m/libc.a(lib_a-lock.o)
                0x000000000040060c                __retarget_lock_acquire_recursive
 .text.__retarget_lock_release_recursive
                0x0000000000400610        0x4 /usr/bin/../lib/gcc/arm-none-eabi/7.3.1/../../../../arm-none-eabi/lib/thumb/v7e-m/libc.a(lib_a-lock.o)
                0x0000000000400610                __retarget_lock_release_recursive
 .text.__register_exitproc
                0x0000000000400614       0xc0 /usr/bin/../lib/gcc/arm-none-eabi/7.3.1/../../../../arm-none-eabi/lib/thumb/v7e-m/libc.a(lib_a-__atexit.o)
                0x0000000000400614                __register_exitproc
 *(.glue_7t)
 .glue_7t       0x00000000004006d4        0x0 linker stubs
 *(.glue_7)
 .glue_7        0x00000000004006d4        0x0 linker stubs
 *(.rodata .rodata* .gnu.linkonce.r.*)
 .rodata        0x00000000004006d4       0x48 build/Default/production/led_flasher_main.o
 .rodata._global_impure_ptr
                0x000000000040071c        0x4 /usr/bin/../lib/gcc/arm-none-eabi/7.3.1/../../../../arm-none-eabi/lib/thumb/v7e-m/libc.a(lib_a-impure.o)
                0x000000000040071c                _global_impure_ptr
 *(.ARM.extab* .gnu.linkonce.armextab.*)
                0x0000000000400720                . = ALIGN (0x4)
 *(.init)
 .init          0x0000000000400720        0x4 /usr/bin/../lib/gcc/arm-none-eabi/7.3.1/thumb/v7e-m/crti.o
                0x0000000000400720                _init
 .init          0x0000000000400724        0x8 /usr/bin/../lib/gcc/arm-none-eabi/7.3.1/thumb/v7e-m/crtn.o
                0x000000000040072c                . = ALIGN (0x4)
                0x000000000040072c                __preinit_array_start = .
 *(.preinit_array)
                0x000000000040072c                __preinit_array_end = .
                0x000000000040072c                . = ALIGN (0x4)
                0x000000000040072c                __init_array_start = .
 *(SORT_BY_NAME(.init_array.*))
 .init_array.00000
                0x000000000040072c        0x4 /usr/bin/../lib/gcc/arm-none-eabi/7.3.1/../../../../arm-none-eabi/lib/thumb/v7e-m/libc.a(lib_a-__call_atexit.o)
 *(.init_array)
 .init_array    0x0000000000400730        0x4 /usr/bin/../lib/gcc/arm-none-eabi/7.3.1/thumb/v7e-m/crtbegin.o
                0x0000000000400734                __init_array_end = .
                0x0000000000400734                . = ALIGN (0x4)
 *crtbegin.o(.ctors)
 *(EXCLUDE_FILE(*crtend.o) .ctors)
 *(SORT_BY_NAME(.ctors.*))
 *crtend.o(.ctors)
                0x0000000000400734                . = ALIGN (0x4)
 *(.fini)
 .fini          0x0000000000400734        0x4 /usr/bin/../lib/gcc/arm-none-eabi/7.3.1/thumb/v7e-m/crti.o
                0x0000000000400734                _fini
 .fini          0x0000000000400738        0x8 /usr/bin/../lib/gcc/arm-none-eabi/7.3.1/thumb/v7e-m/crtn.o
                0x0000000000400740                . = ALIGN (0x4)
                0x0000000000400740                __fini_array_start = .
 *(.fini_array)
 .fini_array    0x0000000000400740        0x4 /usr/bin/../lib/gcc/arm-none-eabi/7.3.1/thumb/v7e-m/crtbegin.o
 *(SORT_BY_NAME(.fini_array.*))
                0x0000000000400744                __fini_array_end = .
 *crtbegin.o(.dtors)
 *(EXCLUDE_FILE(*crtend.o) .dtors)
 *(SORT_BY_NAME(.dtors.*))
 *crtend.o(.dtors)
                0x0000000000400744                . = ALIGN (0x4)
                0x0000000000400744                _efixed = .
                [!provide]                        PROVIDE (__exidx_start = .)

.vfp11_veneer   0x0000000000400744        0x0
 .vfp11_veneer  0x0000000000400744        0x0 linker stubs

.v4_bx          0x0000000000400744        0x0
 .v4_bx         0x0000000000400744        0x0 linker stubs

.iplt           0x0000000000400744        0x0
 .iplt          0x0000000000400744        0x0 /usr/bin/../lib/gcc/arm-none-eabi/7.3.1/thumb/v7e-m/crtbegin.o

.igot.plt       0x0000000000400744        0x0
 .igot.plt      0x0000000000400744        0x0 /usr/bin/../lib/gcc/arm-none-eabi/7.3.1/thumb/v7e-m/crtbegin.o

.eh_frame       0x0000000000400744        0x0
 .eh_frame      0x0000000000400744        0x0 /usr/bin/../lib/gcc/arm-none-eabi/7.3.1/thumb/v7e-m/crtbegin.o

.rel.dyn        0x0000000000400744        0x0
 .rel.iplt      0x0000000000400744        0x0 /usr/bin/../lib/gcc/arm-none-eabi/7.3.1/thumb/v7e-m/crtbegin.o

.ARM.exidx
 *(.ARM.exidx* .gnu.linkonce.armexidx.*)
                [!provide]                        PROVIDE (__exidx_end = .)
                0x0000000000400744                . = ALIGN (0x4)
                0x0000000000400744                _etext = .

.relocate       0x0000000020400000      0x42c load address 0x0000000000400744
                0x0000000020400000                . = ALIGN (0x4)
                0x0000000020400000                _srelocate = .
 *(.ramfunc .ramfunc.*)
 *(.data .data.*)
 .data.impure_data
                0x0000000020400000      0x428 /usr/bin/../lib/gcc/arm-none-eabi/7.3.1/../../../../arm-none-eabi/lib/thumb/v7e-m/libc.a(lib_a-impure.o)
 .data.__atexit_recursive_mutex
                0x0000000020400428        0x4 /usr/bin/../lib/gcc/arm-none-eabi/7.3.1/../../../../arm-none-eabi/lib/thumb/v7e-m/libc.a(lib_a-__call_atexit.o)
                0x0000000020400428                __atexit_recursive_mutex
                0x000000002040042c                . = ALIGN (0x4)
                0x000000002040042c                _erelocate = .

.bss            0x000000002040042c       0x68 load address 0x0000000000400b70
                0x000000002040042c                . = ALIGN (0x4)
                0x000000002040042c                _sbss = .
                0x000000002040042c                _szero = .
 *(.bss .bss.*)
 .bss           0x000000002040042c       0x1c /usr/bin/../lib/gcc/arm-none-eabi/7.3.1/thumb/v7e-m/crtbegin.o
 .bss           0x0000000020400448        0x4 build/Default/production/hal/src/hal_delay.o
 .bss           0x000000002040044c       0x21 build/Default/production/led_flasher_main.o
                0x000000002040044c                global_counter
                0x0000000020400450                speed
                0x0000000020400454                i
                0x0000000020400458                zcount
                0x000000002040045c                zbool
                0x0000000020400460                ycount
                0x0000000020400464                ybool
                0x0000000020400468                xcount
                0x000000002040046c                xbool
 *(COMMON)
 *fill*         0x000000002040046d        0x3 
 COMMON         0x0000000020400470       0x21 /usr/bin/../lib/gcc/arm-none-eabi/7.3.1/../../../../arm-none-eabi/lib/thumb/v7e-m/libc.a(lib_a-lock.o)
                0x0000000020400470                __lock___atexit_recursive_mutex
                0x0000000020400474                __lock___arc4random_mutex
                0x0000000020400478                __lock___env_recursive_mutex
                0x000000002040047c                __lock___sinit_recursive_mutex
                0x0000000020400480                __lock___malloc_recursive_mutex
                0x0000000020400484                __lock___at_quick_exit_mutex
                0x0000000020400488                __lock___dd_hash_mutex
                0x000000002040048c                __lock___tz_mutex
                0x0000000020400490                __lock___sfp_recursive_mutex
                0x0000000020400494                . = ALIGN (0x4)
 *fill*         0x0000000020400491        0x3 
                0x0000000020400494                _ebss = .
                0x0000000020400494                _ezero = .

.heap           0x0000000020400494      0x204 load address 0x0000000000400bd8
                0x0000000020400498                . = ALIGN (0x8)
 *fill*         0x0000000020400494        0x4 
                0x0000000020400498                _sheap = .
                0x0000000020400698                . = (. + HEAP_SIZE)
 *fill*         0x0000000020400498      0x200 
                0x0000000020400698                . = ALIGN (0x8)
                0x0000000020400698                _eheap = .

.stack          0x0000000020400698      0x400 load address 0x0000000000400ddc
                0x0000000020400698                . = ALIGN (0x8)
                0x0000000020400698                _sstack = .
                0x0000000020400a98                . = (. + STACK_SIZE)
 *fill*         0x0000000020400698      0x400 
                0x0000000020400a98                . = ALIGN (0x8)
                0x0000000020400a98                _estack = .
                0x0000000020400a98                . = ALIGN (0x4)
                0x0000000020400a98                _end = .
                0x000000002045ffff                _ram_end_ = ((ORIGIN (ram) + LENGTH (ram)) - 0x1)
OUTPUT(dist/Default/production/Base_Stepper.X.production.elf elf32-littlearm)

.ARM.attributes
                0x0000000000000000       0x2a
 .ARM.attributes
                0x0000000000000000       0x1e /usr/bin/../lib/gcc/arm-none-eabi/7.3.1/thumb/v7e-m/crti.o
 .ARM.attributes
                0x000000000000001e       0x2e /usr/bin/../lib/gcc/arm-none-eabi/7.3.1/thumb/v7e-m/crtbegin.o
 .ARM.attributes
                0x000000000000004c       0x33 build/Default/production/hal/src/hal_atomic.o
 .ARM.attributes
                0x000000000000007f       0x33 build/Default/production/hal/src/hal_delay.o
 .ARM.attributes
                0x00000000000000b2       0x33 build/Default/production/hpl/core/hpl_core_m7_base.o
 .ARM.attributes
                0x00000000000000e5       0x33 build/Default/production/hpl/core/hpl_init.o
 .ARM.attributes
                0x0000000000000118       0x33 build/Default/production/hpl/pmc/hpl_pmc.o
 .ARM.attributes
                0x000000000000014b       0x33 build/Default/production/same70b/gcc/gcc/startup_same70q21b.o
 .ARM.attributes
                0x000000000000017e       0x33 build/Default/production/led_flasher_main.o
 .ARM.attributes
                0x00000000000001b1       0x33 build/Default/production/driver_init.o
 .ARM.attributes
                0x00000000000001e4       0x33 build/Default/production/atmel_start.o
 .ARM.attributes
                0x0000000000000217       0x2e /usr/bin/../lib/gcc/arm-none-eabi/7.3.1/../../../../arm-none-eabi/lib/thumb/v7e-m/libc.a(lib_a-impure.o)
 .ARM.attributes
                0x0000000000000245       0x2e /usr/bin/../lib/gcc/arm-none-eabi/7.3.1/../../../../arm-none-eabi/lib/thumb/v7e-m/libc.a(lib_a-init.o)
 .ARM.attributes
                0x0000000000000273       0x2e /usr/bin/../lib/gcc/arm-none-eabi/7.3.1/../../../../arm-none-eabi/lib/thumb/v7e-m/libc.a(lib_a-__call_atexit.o)
 .ARM.attributes
                0x00000000000002a1       0x2e /usr/bin/../lib/gcc/arm-none-eabi/7.3.1/../../../../arm-none-eabi/lib/thumb/v7e-m/libc.a(lib_a-atexit.o)
 .ARM.attributes
                0x00000000000002cf       0x2e /usr/bin/../lib/gcc/arm-none-eabi/7.3.1/../../../../arm-none-eabi/lib/thumb/v7e-m/libc.a(lib_a-fini.o)
 .ARM.attributes
                0x00000000000002fd       0x2e /usr/bin/../lib/gcc/arm-none-eabi/7.3.1/../../../../arm-none-eabi/lib/thumb/v7e-m/libc.a(lib_a-lock.o)
 .ARM.attributes
                0x000000000000032b       0x2e /usr/bin/../lib/gcc/arm-none-eabi/7.3.1/../../../../arm-none-eabi/lib/thumb/v7e-m/libc.a(lib_a-__atexit.o)
 .ARM.attributes
                0x0000000000000359       0x1e /usr/bin/../lib/gcc/arm-none-eabi/7.3.1/thumb/v7e-m/crtn.o

.comment        0x0000000000000000       0x7f
 .comment       0x0000000000000000       0x7f build/Default/production/hal/src/hal_atomic.o
                                         0x80 (size before relaxing)
 .comment       0x000000000000007f       0x80 build/Default/production/hal/src/hal_delay.o
 .comment       0x000000000000007f       0x80 build/Default/production/hpl/core/hpl_core_m7_base.o
 .comment       0x000000000000007f       0x80 build/Default/production/hpl/core/hpl_init.o
 .comment       0x000000000000007f       0x80 build/Default/production/hpl/pmc/hpl_pmc.o
 .comment       0x000000000000007f       0x80 build/Default/production/same70b/gcc/gcc/startup_same70q21b.o
 .comment       0x000000000000007f       0x80 build/Default/production/led_flasher_main.o
 .comment       0x000000000000007f       0x80 build/Default/production/driver_init.o
 .comment       0x000000000000007f       0x80 build/Default/production/atmel_start.o

.debug_frame    0x0000000000000000      0x1c0
 .debug_frame   0x0000000000000000       0x2c /usr/bin/../lib/gcc/arm-none-eabi/7.3.1/../../../../arm-none-eabi/lib/thumb/v7e-m/libc.a(lib_a-init.o)
 .debug_frame   0x000000000000002c       0x5c /usr/bin/../lib/gcc/arm-none-eabi/7.3.1/../../../../arm-none-eabi/lib/thumb/v7e-m/libc.a(lib_a-__call_atexit.o)
 .debug_frame   0x0000000000000088       0x20 /usr/bin/../lib/gcc/arm-none-eabi/7.3.1/../../../../arm-none-eabi/lib/thumb/v7e-m/libc.a(lib_a-atexit.o)
 .debug_frame   0x00000000000000a8       0x34 /usr/bin/../lib/gcc/arm-none-eabi/7.3.1/../../../../arm-none-eabi/lib/thumb/v7e-m/libc.a(lib_a-fini.o)
 .debug_frame   0x00000000000000dc       0xb0 /usr/bin/../lib/gcc/arm-none-eabi/7.3.1/../../../../arm-none-eabi/lib/thumb/v7e-m/libc.a(lib_a-lock.o)
 .debug_frame   0x000000000000018c       0x34 /usr/bin/../lib/gcc/arm-none-eabi/7.3.1/../../../../arm-none-eabi/lib/thumb/v7e-m/libc.a(lib_a-__atexit.o)

.stabstr        0x0000000000000000       0x72
 .stabstr       0x0000000000000000       0x72 /usr/bin/../lib/gcc/arm-none-eabi/7.3.1/../../../../arm-none-eabi/lib/thumb/v7e-m/libnosys.a(read.o)
